HTTP/1.1 500 Internal Server Error
Server: WebSphere Application Server/5.1
Content-Type: text/html;charset=ISO-8859-1
Content-Language: en-GB
Transfer-Encoding: chunked

###
Error 500: Server caught unhandled exception from servlet [DataHandlerService]: WSWS3259E: Error: Error reading data stream:  WSWS3024E: Root part containing SOAP envelope not found.  contentId = 2

0

