HTTP/1.1 200 OK
Server: WebSphere Application Server/5.1
Content-Type: text/xml; charset=utf-8
Content-Language: en-GB
Transfer-Encoding: chunked

###
<?xml version='1.0' encoding='utf-8' ?>
<SOAP-ENV:Envelope xmlns:SOAP-ENV="http://schemas.xmlsoap.org/soap/envelope/" xmlns:xsd="http://www.w3.org/2001/XMLSchema" xmlns:xsi="http://www.w3.org/2001/XMLSchema-instance">
<SOAP-ENV:Body>
<ns1:echoChoiceResponse xmlns:ns1="http://soapinterop.org/">
<return><ns2:NonChoiceIntValue xmlns:ns2="http://soapinterop.org/xsd">5</ns2:NonChoiceIntValue>
<ns3:IntValue xmlns:ns3="http://soapinterop.org/xsd">5</ns3:IntValue>
<ns4:NonChoiceStringValue xmlns:ns4="http://soapinterop.org/xsd">NonChoiceStringValue</ns4:NonChoiceStringValue>
</return>
</ns1:echoChoiceResponse>
</SOAP-ENV:Body>
</SOAP-ENV:Envelope>
0
