HTTP/1.1 200 OK
Server: WebSphere Application Server/5.0
Content-Type: text/xml; charset=utf-8
Content-Language: en-US
Transfer-Encoding: chunked

2b0
<?xml version="1.0" encoding="UTF-8"?>
<soapenv:Envelope xmlns:soapenv="http://schemas.xmlsoap.org/soap/envelope/" xmlns:soapenc="http://schemas.xmlsoap.org/soap/encoding/" xmlns:xsd="http://www.w3.org/2001/XMLSchema" xmlns:xsi="http://www.w3.org/2001/XMLSchema-instance"><soapenv:Body><asComplexTypeResponse xmlns="http://xsd_byte.test.apache.org"><SimpleComplexType1 xmlns:SOAP-ENV="http://schemas.xmlsoap.org/soap/envelope/" xmlns:xsd="http://www.w3.org/2001/XMLSchema" xmlns:xsi="http://www.w3.org/2001/XMLSchema-instance" xmlns:ns1="http://xsd_byte.test.apache.org" xmlns=""><field1>Hello World!</field1></SimpleComplexType1></asComplexTypeResponse></soapenv:Body></soapenv:Envelope>
0

