Null returned for Element_node
Null returned for Character_node
Project Type=Open Source
No Of Children=5
First Node Name = Name
Second Node Name = Location Value =Sri Lanka
Last Child Value=message
NULL is returned for non existing node
NULL is returned for child location 0
NULL is returned for -ve  child location
5
---------------------- TEST COMPLETE -----------------------------
