noParametersNoReturn
noParametersNoReturn returned
noParametersIntReturn
noParametersIntReturn returned 27
multiParametersNoReturn
multiParametersNoReturn returned
multiComplexParametersIntReturn
multiComplexParametersIntReturn returned 41
multiComplexParametersNilIntReturn
multiComplexParametersNilIntReturn returned 42
multiArrayParametersIntReturn
multiArrayParametersIntReturn returned 43
---------------------- TEST COMPLETE -----------------------------
