noParametersNoReturn
noParametersNoReturn returned
noParametersIntReturn
noParametersIntReturn returned 27
multiParametersNoReturn
multiParametersNoReturn returned
multiParametersMultiReturn
multiParametersMultiReturn returned Hey dude , 69 , 17.19
multiComplexParametersIntReturn
multiComplexParametersIntReturn returned 41
multiComplexParametersMultiComplexReturn
multiComplexParametersMultiComplexReturn returned Hello , World
multiComplexParametersNilIntReturn
multiComplexParametersNilIntReturn returned 42
multiArrayParametersIntReturn
multiArrayParametersIntReturn returned 43
complexParameterComplexReturn
complexParameterComplexReturn returned Complex2
complexParameterComplexReturn with nil parameters
complexParameterComplexReturn with nil parameters returned 22222222
---------------------- TEST COMPLETE -----------------------------
