HTTP/1.1 200 OK
Content-Type: text/xml; charset=utf-8
Content-Language: en-US
Content-Length: 568
Date: Wed, 18 Jan 2006 04:14:01 GMT

<soapenv:Envelope xmlns:soapenv="http://schemas.xmlsoap.org/soap/envelope/" xmlns:soapenc="http://schemas.xmlsoap.org/soap/encoding/" xmlns:xsd="http://www.w3.org/2001/XMLSchema" xmlns:xsi="http://www.w3.org/2001/XMLSchema-instance"><soapenv:Header soapenv:encodingStyle="http://schemas.xmlsoap.org/soap/encoding/"/><soapenv:Body soapenv:encodingStyle="http://schemas.xmlsoap.org/soap/encoding/"><p201:echoStringResponse xmlns:p201="http://soapinterop.org/"><return xsi:type="xsd:string">hello world</return></p201:echoStringResponse></soapenv:Body></soapenv:Envelope>HTTP/1.1 200 OK
Content-Type: text/xml; charset=utf-8
Content-Language: en-US
Content-Length: 568
Date: Wed, 18 Jan 2006 04:14:01 GMT

<soapenv:Envelope xmlns:soapenv="http://schemas.xmlsoap.org/soap/envelope/" xmlns:soapenc="http://schemas.xmlsoap.org/soap/encoding/" xmlns:xsd="http://www.w3.org/2001/XMLSchema" xmlns:xsi="http://www.w3.org/2001/XMLSchema-instance"><soapenv:Header soapenv:encodingStyle="http://schemas.xmlsoap.org/soap/encoding/"/><soapenv:Body soapenv:encodingStyle="http://schemas.xmlsoap.org/soap/encoding/"><p201:echoStringResponse xmlns:p201="http://soapinterop.org/"><return xsi:type="xsd:string">hello world</return></p201:echoStringResponse></soapenv:Body></soapenv:Envelope>