HTTP/1.1 200 OK
Server: WebSphere Application Server/5.1
Content-Type: text/xml; charset=utf-8
Content-Language: en-GB
Transfer-Encoding: chunked

###
<?xml version="1.0" encoding="UTF-8"?>
<SOAP-ENV:Envelope xmlns:SOAP-ENV="http://schemas.xmlsoap.org/soap/envelope/" xmlns:xsi="http://www.w3.org/2001/XMLSchema-instance"><SOAP-ENV:Body><ns1:complexTypeAndNillableElementResponse xmlns:ns1="http://localhost/axis/Calculator"><ns1:Element><ns1:aType xsi:nil="true"></ns1:aType></ns1:Element></ns1:complexTypeAndNillableElementResponse></SOAP-ENV:Body></SOAP-ENV:Envelope>
0

