POST /axis/SameComplexTypeAndNillableElementName HTTP/1.1
Host: 127.0.0.1:13260
Content-Type: text/xml; charset=UTF-8
SOAPAction: "Calculator#add"
Content-Length: 458

<?xml version='1.0' encoding='utf-8' ?>
<SOAP-ENV:Envelope xmlns:SOAP-ENV="http://schemas.xmlsoap.org/soap/envelope/" xmlns:xsd="http://www.w3.org/2001/XMLSchema" xmlns:xsi="http://www.w3.org/2001/XMLSchema-instance">
<SOAP-ENV:Body>
<ns1:complexTypeAndNillableElement xmlns:ns1="http://localhost/axis/Calculator">
<ns1:Element><ns1:aType xsi:nil="true"></ns1:aType>
</ns1:Element>
</ns1:complexTypeAndNillableElement>
</SOAP-ENV:Body>
</SOAP-ENV:Envelope>

