Using the default SOAPAction set by Generated code...
non-nillable element=A simple test message!
Using an empty SOAPAction ...
non-nillable element=A simple test message!
Using an empty SOAPAction ...
non-nillable element=A simple test message!
---------------------- TEST COMPLETE -----------------------------