non-nillable element
 size=41
 data=<test><xml>some dod&y string</xml></test>
nillable element
 size=41
 data=<test><xml>some dod&y string</xml></test>
nil element=<nil>
array of 2 elements
 element[0]
  size=41
  data=<test><xml>some dod&y string</xml></test>
 element[1]
  size=41
  data=<test><xml>some dod&y string</xml></test>
within complex type
 size=41
 data=<test><xml>some dod&y string</xml></test>
---------------------- TEST COMPLETE -----------------------------
