non-nillable element=-9223372036854775808
non-nillable element=-1
AxisException : AxisSoapException: Soap message content is not valid.
Value to be serialized is greater than MaxInclusive specified for this type.  MaxInclusive = -1, Value = 0.
non-nillable element=-123456789
nillable element=-123456789
nil element=<nil>
required attribute=-123456789
array of 2 elements
  element[0]=-123456789
  element[1]=-123456789
within complex type=-123456789
---------------------- TEST COMPLETE -----------------------------
