HTTP/1.1 200 OK
Server: WebSphere Application Server/5.1
Content-Type: text/xml; charset=utf-8
Content-Language: en-GB
Transfer-Encoding: chunked

###
<?xml version="1.0" encoding="utf-8"?>
<soapenv:Envelope xmlns:soapenv="http://schemas.xmlsoap.org/soap/envelope/" xmlns:soapenc="http://schemas.xmlsoap.org/soap/encoding/" 	xmlns:xsd="http://www.w3.org/2001/XMLSchema" 	xmlns:xsi="http://www.w3.org/2001/XMLSchema-instance"><soapenv:Header /><soapenv:Body><asNonNillableElementResponse xmlns="http://xsd_token.test.apache.org"><nonNillableElement>A simple test message!</nonNillableElement></asNonNillableElementResponse></soapenv:Body></soapenv:Envelope>
0

HTTP/1.1 200 OK
Server: WebSphere Application Server/5.1
Content-Type: text/xml; charset=utf-8
Content-Language: en-GB
Transfer-Encoding: chunked

###
<?xml version="1.0" encoding="utf-8"?>
<soapenv:Envelope xmlns:soapenv="http://schemas.xmlsoap.org/soap/envelope/" xmlns:soapenc="http://schemas.xmlsoap.org/soap/encoding/" 	xmlns:xsd="http://www.w3.org/2001/XMLSchema" 	xmlns:xsi="http://www.w3.org/2001/XMLSchema-instance"><soapenv:Header /><soapenv:Body><asNonNillableElementResponse xmlns="http://xsd_token.test.apache.org"><nonNillableElement>&lt;&gt;&amp;&quot;&apos;</nonNillableElement></asNonNillableElementResponse></soapenv:Body></soapenv:Envelope>
0

HTTP/1.1 200 OK
Server: WebSphere Application Server/5.1
Content-Type: text/xml; charset=utf-8
Content-Language: en-GB
Transfer-Encoding: chunked

###
<?xml version="1.0" encoding="utf-8"?>
<soapenv:Envelope xmlns:soapenv="http://schemas.xmlsoap.org/soap/envelope/" xmlns:soapenc="http://schemas.xmlsoap.org/soap/encoding/" 	xmlns:xsd="http://www.w3.org/2001/XMLSchema" 	xmlns:xsi="http://www.w3.org/2001/XMLSchema-instance"><soapenv:Header /><soapenv:Body><asNonNillableElementResponse xmlns="http://xsd_token.test.apache.org"><nonNillableElement>some text more text</nonNillableElement></asNonNillableElementResponse></soapenv:Body></soapenv:Envelope>
0

HTTP/1.1 200 OK
Server: WebSphere Application Server/5.1
Content-Type: text/xml; charset=utf-8
Content-Language: en-GB
Transfer-Encoding: chunked

###
<?xml version="1.0" encoding="utf-8"?>
<soapenv:Envelope xmlns:soapenv="http://schemas.xmlsoap.org/soap/envelope/" xmlns:soapenc="http://schemas.xmlsoap.org/soap/encoding/" xmlns:xsd="http://www.w3.org/2001/XMLSchema" xmlns:xsi="http://www.w3.org/2001/XMLSchema-instance"><soapenv:Header /><soapenv:Body><asNillableElementResponse xmlns="http://xsd_token.test.apache.org"><nillableElement>A simple test message!</nillableElement></asNillableElementResponse></soapenv:Body></soapenv:Envelope>
0

HTTP/1.1 200 OK
Server: WebSphere Application Server/5.1
Content-Type: text/xml; charset=utf-8
Content-Language: en-GB
Transfer-Encoding: chunked

###
<?xml version="1.0" encoding="utf-8"?>
<soapenv:Envelope xmlns:soapenv="http://schemas.xmlsoap.org/soap/envelope/" xmlns:soapenc="http://schemas.xmlsoap.org/soap/encoding/" xmlns:xsd="http://www.w3.org/2001/XMLSchema" xmlns:xsi="http://www.w3.org/2001/XMLSchema-instance"><soapenv:Header /><soapenv:Body><asNillableElementResponse xmlns="http://xsd_token.test.apache.org"><nillableElement xsi:nil="true" /></asNillableElementResponse></soapenv:Body></soapenv:Envelope>
0

HTTP/1.1 200 OK
Server: WebSphere Application Server/5.1
Content-Type: text/xml; charset=utf-8
Content-Language: en-GB
Transfer-Encoding: chunked

###
<?xml version="1.0" encoding="utf-8"?>
<soapenv:Envelope xmlns:soapenv="http://schemas.xmlsoap.org/soap/envelope/" xmlns:soapenc="http://schemas.xmlsoap.org/soap/encoding/" xmlns:xsd="http://www.w3.org/2001/XMLSchema" xmlns:xsi="http://www.w3.org/2001/XMLSchema-instance"><soapenv:Header /><soapenv:Body><asRequiredAttributeResponse xmlns="http://xsd_token.test.apache.org"><RequiredAttributeElement requiredAttribute="A simple test message!" /></asRequiredAttributeResponse></soapenv:Body></soapenv:Envelope>
0

HTTP/1.1 200 OK
Server: WebSphere Application Server/5.1
Content-Type: text/xml; charset=utf-8
Content-Language: en-GB
Transfer-Encoding: chunked

###
<?xml version="1.0" encoding="utf-8"?>
<soapenv:Envelope xmlns:soapenv="http://schemas.xmlsoap.org/soap/envelope/" xmlns:soapenc="http://schemas.xmlsoap.org/soap/encoding/" xmlns:xsd="http://www.w3.org/2001/XMLSchema" xmlns:xsi="http://www.w3.org/2001/XMLSchema-instance"><soapenv:Header /><soapenv:Body><asArrayResponse xmlns="http://xsd_token.test.apache.org"><arrayElement>A simple test message!</arrayElement><arrayElement>A simple test message!</arrayElement></asArrayResponse></soapenv:Body></soapenv:Envelope>
0

HTTP/1.1 200 OK
Server: WebSphere Application Server/5.1
Content-Type: text/xml; charset=utf-8
Content-Language: en-GB
Transfer-Encoding: chunked

###
<?xml version="1.0" encoding="utf-8"?>
<soapenv:Envelope xmlns:soapenv="http://schemas.xmlsoap.org/soap/envelope/" xmlns:soapenc="http://schemas.xmlsoap.org/soap/encoding/" xmlns:xsd="http://www.w3.org/2001/XMLSchema" xmlns:xsi="http://www.w3.org/2001/XMLSchema-instance"><soapenv:Header /><soapenv:Body><asComplexTypeResponse xmlns="http://xsd_token.test.apache.org"><SimpleComplexType><complexTypeElement>A simple test message!</complexTypeElement></SimpleComplexType></asComplexTypeResponse></soapenv:Body></soapenv:Envelope>
0

