HTTP/1.1 200 OK
Server: WebSphere Application Server/5.1
Content-Type: text/xml; charset=utf-8
Content-Language: en-GB
Transfer-Encoding: chunked

###
<?xml version="1.0" encoding="utf-8"?>
<soapenv:Envelope xmlns:soapenv="http://schemas.xmlsoap.org/soap/envelope/" xmlns:soapenc="http://schemas.xmlsoap.org/soap/encoding/" 	xmlns:xsd="http://www.w3.org/2001/XMLSchema" 	xmlns:xsi="http://www.w3.org/2001/XMLSchema-instance"><soapenv:Header /><soapenv:Body><asNonNillableElementResponse xmlns="http://xsd_base64Binary.test.apache.org"><nonNillableElement>PHRlc3Q+PHhtbD5zb21lIGRvZCZ5IHN0cmluZzwveG1sPjwvdGVzdD4=</nonNillableElement></asNonNillableElementResponse></soapenv:Body></soapenv:Envelope>
0

HTTP/1.1 200 OK
Server: WebSphere Application Server/5.1
Content-Type: text/xml; charset=utf-8
Content-Language: en-GB
Transfer-Encoding: chunked

###
<?xml version="1.0" encoding="utf-8"?>
<soapenv:Envelope xmlns:soapenv="http://schemas.xmlsoap.org/soap/envelope/" xmlns:soapenc="http://schemas.xmlsoap.org/soap/encoding/" xmlns:xsd="http://www.w3.org/2001/XMLSchema" xmlns:xsi="http://www.w3.org/2001/XMLSchema-instance"><soapenv:Header /><soapenv:Body><asNillableElementResponse xmlns="http://xsd_base64Binary.test.apache.org"><nillableElement>PHRlc3Q+PHhtbD5zb21lIGRvZCZ5IHN0cmluZzwveG1sPjwvdGVzdD4=</nillableElement></asNillableElementResponse></soapenv:Body></soapenv:Envelope>
0

HTTP/1.1 200 OK
Server: WebSphere Application Server/5.1
Content-Type: text/xml; charset=utf-8
Content-Language: en-GB
Transfer-Encoding: chunked

###
<?xml version="1.0" encoding="utf-8"?>
<soapenv:Envelope xmlns:soapenv="http://schemas.xmlsoap.org/soap/envelope/" xmlns:soapenc="http://schemas.xmlsoap.org/soap/encoding/" xmlns:xsd="http://www.w3.org/2001/XMLSchema" xmlns:xsi="http://www.w3.org/2001/XMLSchema-instance"><soapenv:Header /><soapenv:Body><asNillableElementResponse xmlns="http://xsd_base64Binary.test.apache.org"><nillableElement xsi:nil="true" /></asNillableElementResponse></soapenv:Body></soapenv:Envelope>
0

HTTP/1.1 200 OK
Server: WebSphere Application Server/5.1
Content-Type: text/xml; charset=utf-8
Content-Language: en-GB
Transfer-Encoding: chunked

###
<?xml version="1.0" encoding="utf-8"?>
<soapenv:Envelope xmlns:soapenv="http://schemas.xmlsoap.org/soap/envelope/" xmlns:soapenc="http://schemas.xmlsoap.org/soap/encoding/" xmlns:xsd="http://www.w3.org/2001/XMLSchema" xmlns:xsi="http://www.w3.org/2001/XMLSchema-instance"><soapenv:Header /><soapenv:Body><asArrayResponse xmlns="http://xsd_base64Binary.test.apache.org"><arrayElement>PHRlc3Q+PHhtbD5zb21lIGRvZCZ5IHN0cmluZzwveG1sPjwvdGVzdD4=</arrayElement><arrayElement>PHRlc3Q+PHhtbD5zb21lIGRvZCZ5IHN0cmluZzwveG1sPjwvdGVzdD4=</arrayElement></asArrayResponse></soapenv:Body></soapenv:Envelope>
0

HTTP/1.1 200 OK
Server: WebSphere Application Server/5.1
Content-Type: text/xml; charset=utf-8
Content-Language: en-GB
Transfer-Encoding: chunked

###
<?xml version="1.0" encoding="utf-8"?>
<soapenv:Envelope xmlns:soapenv="http://schemas.xmlsoap.org/soap/envelope/" xmlns:soapenc="http://schemas.xmlsoap.org/soap/encoding/" xmlns:xsd="http://www.w3.org/2001/XMLSchema" xmlns:xsi="http://www.w3.org/2001/XMLSchema-instance"><soapenv:Header /><soapenv:Body><asComplexTypeResponse xmlns="http://xsd_base64Binary.test.apache.org"><SimpleComplexType><complexTypeElement>PHRlc3Q+PHhtbD5zb21lIGRvZCZ5IHN0cmluZzwveG1sPjwvdGVzdD4=</complexTypeElement></SimpleComplexType></asComplexTypeResponse></soapenv:Body></soapenv:Envelope>
0

