non-nillable element=xml.si-mple_name
empty non-nillable element=<empty>
nillable element=xml.si-mple_name
empty nillable element=<empty>
nil element=<nil>
required attribute=xml.si-mple_name
empty required attribute=<empty>
array of 2 elements
  element[0]=xml.si-mple_name
  element[1]=xml.si-mple_name
within complex type=xml.si-mple_name
---------------------- TEST COMPLETE -----------------------------
