non-nillable element=A simple test message!
empty non-nillable element=<empty>
non-nillable element with XML reserved characters=<>&"'
non-nillable element with whitespace characters="     some text    more text    "
nillable element=A simple test message!
empty nillable element=<empty>
nil element=<nil>
required attribute=A simple test message!
empty required attribute=<empty>
array of 2 elements
  element[0]=A simple test message!
  element[1]=A simple test message!
within complex type=A simple test message!
---------------------- TEST COMPLETE -----------------------------
