bool=1
bool nil=NULL
byte=31
byte nil=NULL
unsigned byte=32
unsigned byte nil=NULL
short=7
short nil=NULL
unsigned short=14
unsigned short nil=NULL
int=21
int nil=NULL
unsigned int=28
unsigned int nil=NULL
long=35
long nil=NULL
unsigned long=42
unsigned long nil=NULL
float=35.3536
float nil=NULL
double=70.71758889
double nil=NULL
duration=123456789
date=Fri Nov 12 2004
date nil=NULL
dateTime=Fri Nov 12 07:58:43 2004
dateTime nil=NULL
string=never odd or even
small string=m
string nil=NULL
integer=919191919
integer nil=NULL
decimal=929292929.55556
decimal nil=NULL
base64Binary size=41
base64Binary data=<test><xml>some dod&y string</xml></test>
base64Binary nil=NULL
hexBinary size=41
hexBinary data=<test><xml>some dod&y string</xml></test>
hexBinary nil size=41
---------------------- TEST COMPLETE -----------------------------
